
> reversal-city-course@1.0.0 build
> vinext build && npm run build:offline


  vinext build  (Vite 8.2.2)

[1/5] analyze client references...
transforming...
✓ 239 modules transformed.
rendering chunks...
✓ built in 300ms
[2/5] analyze server references...
transforming...
✓ 685 modules transformed.
rendering chunks...
✓ built in 403ms
[3/5] build rsc environment...
transforming...
✓ 231 modules transformed.
rendering chunks...
computing gzip size...
✓ built in 283ms
[4/5] build client environment...
transforming...
✓ 2485 modules transformed.
rendering chunks...
computing gzip size...
[plugin builtin:vite-reporter] 
(!) Some chunks are larger than 500 kB after minification. Consider:
- Using dynamic import() to code-split the application
- Use build.rolldownOptions.output.codeSplitting to improve chunking: https://rolldown.rs/reference/OutputOptions.codeSplitting
- Adjust chunk size limit for this warning via build.chunkSizeWarningLimit.
✓ built in 686ms
[5/5] build ssr environment...
transforming...
✓ 694 modules transformed.
rendering chunks...
computing gzip size...
✓ built in 363ms
[0m
  Route (app)
  ─ ? /

  ? Unknown

  ? Some routes could not be classified. vinext currently uses static analysis
    and cannot detect dynamic API usage (headers(), cookies(), etc.) at build time.
    Automatic classification will be improved in a future release.

  Build complete. Run `vinext start` to start the production server.


> reversal-city-course@1.0.0 build:offline
> vite build --config vite.offline.config.ts

vite v8.2.2 building client environment for production...
transforming...
✓ 2371 modules transformed.
rendering chunks...
computing gzip size...
dist-offline/index.html                                         0.92 kB │ gzip:   0.60 kB
dist-offline/assets/KaTeX_Size3-Regular-CTq5MqoE.woff           4.42 kB
dist-offline/assets/KaTeX_Size4-Regular-Dl5lxZxV.woff2          4.92 kB
dist-offline/assets/KaTeX_Size2-Regular-Dy4dx90m.woff2          5.20 kB
dist-offline/assets/KaTeX_Size1-Regular-mCD8mA8B.woff2          5.46 kB
dist-offline/assets/KaTeX_Size4-Regular-BF-4gkZK.woff           5.98 kB
dist-offline/assets/KaTeX_Size2-Regular-oD1tc_U0.woff           6.18 kB
dist-offline/assets/KaTeX_Size1-Regular-C195tn64.woff           6.49 kB
dist-offline/assets/KaTeX_Caligraphic-Regular-Di6jR-x-.woff2    6.90 kB
dist-offline/assets/KaTeX_Caligraphic-Bold-Dq_IR9rO.woff2       6.91 kB
dist-offline/assets/KaTeX_Size3-Regular-DgpXs0kz.ttf            7.58 kB
dist-offline/assets/KaTeX_Caligraphic-Regular-CTRA-rTL.woff     7.65 kB
dist-offline/assets/KaTeX_Caligraphic-Bold-BEiXGLvX.woff        7.71 kB
dist-offline/assets/KaTeX_Script-Regular-D3wIWfF6.woff2         9.64 kB
dist-offline/assets/KaTeX_SansSerif-Regular-DDBCnlJ7.woff2     10.34 kB
dist-offline/assets/KaTeX_Size4-Regular-DWFBv043.ttf           10.36 kB
dist-offline/assets/KaTeX_Script-Regular-D5yQViql.woff         10.58 kB
dist-offline/assets/KaTeX_Fraktur-Regular-CTYiF6lA.woff2       11.31 kB
dist-offline/assets/KaTeX_Fraktur-Bold-CL6g_b3V.woff2          11.34 kB
dist-offline/assets/KaTeX_Size2-Regular-B7gKUWhC.ttf           11.50 kB
dist-offline/assets/KaTeX_SansSerif-Italic-C3H0VqGB.woff2      12.02 kB
dist-offline/assets/KaTeX_SansSerif-Bold-D1sUS0GD.woff2        12.21 kB
dist-offline/assets/KaTeX_Size1-Regular-Dbsnue_I.ttf           12.22 kB
dist-offline/assets/KaTeX_SansSerif-Regular-CS6fqUqJ.woff      12.31 kB
dist-offline/assets/KaTeX_Caligraphic-Regular-wX97UBjC.ttf     12.34 kB
dist-offline/assets/KaTeX_Caligraphic-Bold-ATXxdsX0.ttf        12.36 kB
dist-offline/assets/KaTeX_Fraktur-Regular-Dxdc4cR9.woff        13.20 kB
dist-offline/assets/KaTeX_Fraktur-Bold-BsDP51OF.woff           13.29 kB
dist-offline/assets/KaTeX_Typewriter-Regular-CO6r4hn1.woff2    13.56 kB
dist-offline/assets/KaTeX_SansSerif-Italic-DN2j7dab.woff       14.11 kB
dist-offline/assets/KaTeX_SansSerif-Bold-DbIhKOiC.woff         14.40 kB
dist-offline/assets/KaTeX_Typewriter-Regular-C0xS9mPB.woff     16.02 kB
dist-offline/assets/KaTeX_Math-BoldItalic-CZnvNsCZ.woff2       16.40 kB
dist-offline/assets/KaTeX_Math-Italic-t53AETM-.woff2           16.44 kB
dist-offline/assets/KaTeX_Script-Regular-C5JkGWo-.ttf          16.64 kB
dist-offline/assets/KaTeX_Main-BoldItalic-DxDJ3AOS.woff2       16.78 kB
dist-offline/assets/KaTeX_Main-Italic-NWA7e6Wa.woff2           16.98 kB
dist-offline/assets/KaTeX_Math-BoldItalic-iY-2wyZ7.woff        18.66 kB
dist-offline/assets/KaTeX_Math-Italic-DA0__PXp.woff            18.74 kB
dist-offline/assets/KaTeX_Main-BoldItalic-SpSLRI95.woff        19.41 kB
dist-offline/assets/KaTeX_SansSerif-Regular-BNo7hRIc.ttf       19.43 kB
dist-offline/assets/KaTeX_Fraktur-Regular-CB_wures.ttf         19.57 kB
dist-offline/assets/KaTeX_Fraktur-Bold-BdnERNNW.ttf            19.58 kB
dist-offline/assets/KaTeX_Main-Italic-BMLOBm91.woff            19.67 kB
dist-offline/assets/KaTeX_SansSerif-Italic-YYjJ1zSn.ttf        22.36 kB
dist-offline/assets/KaTeX_SansSerif-Bold-CFMepnvq.ttf          24.50 kB
dist-offline/assets/KaTeX_Main-Bold-Cx986IdX.woff2             25.32 kB
dist-offline/assets/KaTeX_Main-Regular-B22Nviop.woff2          26.27 kB
dist-offline/assets/KaTeX_Typewriter-Regular-D3Ib7_Hf.ttf      27.55 kB
dist-offline/assets/KaTeX_AMS-Regular-BQhdFMY1.woff2           28.07 kB
dist-offline/assets/KaTeX_Main-Bold-Jm3AIy58.woff              29.91 kB
dist-offline/assets/KaTeX_Main-Regular-Dr94JaBh.woff           30.77 kB
dist-offline/assets/KaTeX_Math-BoldItalic-B3XSjfu4.ttf         31.19 kB
dist-offline/assets/KaTeX_Math-Italic-flOr_0UB.ttf             31.30 kB
dist-offline/assets/KaTeX_Main-BoldItalic-DzxPMmG6.ttf         32.96 kB
dist-offline/assets/KaTeX_AMS-Regular-DMm9YOAa.woff            33.51 kB
dist-offline/assets/KaTeX_Main-Italic-3WenGoN9.ttf             33.58 kB
dist-offline/assets/KaTeX_Main-Bold-waoOVXN0.ttf               51.33 kB
dist-offline/assets/KaTeX_Main-Regular-ypZvNtVU.ttf            53.58 kB
dist-offline/assets/KaTeX_AMS-Regular-DRggAlZN.ttf             63.63 kB
dist-offline/assets/index-CgMZEh8F.css                        107.28 kB │ gzip:  24.63 kB
dist-offline/assets/index-4CuHIj1O.js                         872.37 kB │ gzip: 279.14 kB

✓ built in 297ms
[plugin builtin:vite-reporter] 
(!) Some chunks are larger than 500 kB after minification. Consider:
- Using dynamic import() to code-split the application
- Use build.rolldownOptions.output.codeSplitting to improve chunking: https://rolldown.rs/reference/OutputOptions.codeSplitting
- Adjust chunk size limit for this warning via build.chunkSizeWarningLimit.
